libel.c:10:6:Libel__lpf2pSetCutoffFreq_step	24	static
libel.c:50:6:Libel__constrain_params_20000_00000065535_000000__step	0	static
libel.c:70:6:Libel__constrain_params__0_0000000_000000__step	0	static
libel.c:90:6:Libel__constrain_params__1_1000001_100000__step	24	static
libel.c:110:6:Libel__constrain_params__20_00000020_000000__step	0	static
libel.c:130:6:Libel__constrain_params__22_00000022_000000__step	0	static
libel.c:150:6:Libel__constrain_params__32_76750032_767500__step	24	static
libel.c:170:6:Libel__constrain_params__33_30000033_300000__step	24	static
libel.c:190:6:Libel__constrain_params__166_700000166_700000__step	24	static
libel.c:210:6:Libel__constrain_params__360_000000360_000000__step	0	static
libel.c:230:6:Libel__constrain_params__5000_0000005000_000000__step	0	static
libel.c:250:6:Libel__opt_constrain_params_5000_000000__step	24	static
libel.c:273:6:Libel__opt_constrain_params_360_000000__step	24	static
libel.c:296:6:Libel__opt_constrain_params_166_700000__step	32	static
libel.c:319:6:Libel__opt_constrain_params_33_300000__step	32	static
libel.c:342:6:Libel__opt_constrain_params_32_767500__step	32	static
libel.c:365:6:Libel__opt_constrain_params_22_000000__step	24	static
libel.c:388:6:Libel__opt_constrain_params_20_000000__step	24	static
libel.c:411:6:Libel__opt_constrain_params_1_100000__step	32	static
libel.c:434:6:Libel__opt_constrain_params_0_000000__step	24	static
libel.c:457:6:Libel__lpf2p_params_500_00000030_000000false__reset	0	static
libel.c:462:6:Libel__lpf2p_params_500_00000030_000000false__step	48	static
libel.c:502:6:Libel__lpf2p_params_500_00000015_000000false__reset	0	static
libel.c:507:6:Libel__lpf2p_params_500_00000015_000000false__step	48	static
libel.c:547:6:Libel__lpf2p_params_100_00000020_000000true__reset	0	static
libel.c:552:6:Libel__lpf2p_params_100_00000020_000000true__step	48	static
libel.c:592:6:Libel__pid_err_params_250_000000500_0000002_5000000_002000500_00000030_000000false33_3000000_000000__reset	0	static
libel.c:599:6:Libel__pid_err_params_250_000000500_0000002_5000000_002000500_00000030_000000false33_3000000_000000__step	40	static
libel.c:641:6:Libel__pid_err_params_120_00000016_7000000_0000000_002000500_00000030_000000false166_7000000_000000__reset	0	static
libel.c:648:6:Libel__pid_err_params_120_00000016_7000000_0000000_002000500_00000030_000000false166_7000000_000000__step	48	static
libel.c:690:6:Libel__pid_err_params_25_00000015_0000000_0000000_010000100_00000020_000000true5000_00000032_767500__reset	0	static
libel.c:697:6:Libel__pid_err_params_25_00000015_0000000_0000000_010000100_00000020_000000true5000_00000032_767500__step	40	static
libel.c:739:6:Libel__pid_err_params_25_0000001_0000000_0000000_010000100_00000020_000000true5000_00000022_000000__reset	0	static
libel.c:746:6:Libel__pid_err_params_25_0000001_0000000_0000000_010000100_00000020_000000true5000_00000022_000000__step	40	static
libel.c:788:6:Libel__pid_err_params_6_0000003_0000000_0000000_002000500_00000015_000000false20_0000000_000000__reset	0	static
libel.c:795:6:Libel__pid_err_params_6_0000003_0000000_0000000_002000500_00000015_000000false20_0000000_000000__step	40	static
libel.c:837:6:Libel__pid_err_params_6_0000001_0000000_3500000_002000500_00000015_000000false360_0000000_000000__reset	0	static
libel.c:844:6:Libel__pid_err_params_6_0000001_0000000_3500000_002000500_00000015_000000false360_0000000_000000__step	48	static
libel.c:886:6:Libel__pid_err_params_2_0000000_5000000_0000000_010000100_00000020_000000true5000_0000001_100000__reset	0	static
libel.c:893:6:Libel__pid_err_params_2_0000000_5000000_0000000_010000100_00000020_000000true5000_0000001_100000__step	40	static
libel.c:935:6:Libel__pid_err_params_2_0000000_0000000_0000000_010000100_00000020_000000true5000_0000001_100000__reset	0	static
libel.c:942:6:Libel__pid_err_params_2_0000000_0000000_0000000_010000100_00000020_000000true5000_0000001_100000__step	40	static
libel.c:984:6:Libel__pid_params_250_000000500_0000002_5000000_002000500_00000030_000000false33_3000000_000000__reset	0	static
libel.c:990:6:Libel__pid_params_250_000000500_0000002_5000000_002000500_00000030_000000false33_3000000_000000__step	16	static
libel.c:1005:6:Libel__pid_params_120_00000016_7000000_0000000_002000500_00000030_000000false166_7000000_000000__reset	0	static
libel.c:1011:6:Libel__pid_params_120_00000016_7000000_0000000_002000500_00000030_000000false166_7000000_000000__step	16	static
libel.c:1026:6:Libel__pid_params_25_00000015_0000000_0000000_010000100_00000020_000000true5000_00000032_767500__reset	0	static
libel.c:1032:6:Libel__pid_params_25_00000015_0000000_0000000_010000100_00000020_000000true5000_00000032_767500__step	16	static
libel.c:1047:6:Libel__pid_params_25_0000001_0000000_0000000_010000100_00000020_000000true5000_00000022_000000__reset	0	static
libel.c:1053:6:Libel__pid_params_25_0000001_0000000_0000000_010000100_00000020_000000true5000_00000022_000000__step	16	static
libel.c:1068:6:Libel__pid_params_6_0000003_0000000_0000000_002000500_00000015_000000false20_0000000_000000__reset	0	static
libel.c:1074:6:Libel__pid_params_6_0000003_0000000_0000000_002000500_00000015_000000false20_0000000_000000__step	16	static
libel.c:1089:6:Libel__pid_params_2_0000000_5000000_0000000_010000100_00000020_000000true5000_0000001_100000__reset	0	static
libel.c:1095:6:Libel__pid_params_2_0000000_5000000_0000000_010000100_00000020_000000true5000_0000001_100000__step	16	static
libel.c:1110:6:Libel__pid_params_2_0000000_0000000_0000000_010000100_00000020_000000true5000_0000001_100000__reset	0	static
libel.c:1116:6:Libel__pid_params_2_0000000_0000000_0000000_010000100_00000020_000000true5000_0000001_100000__step	16	static
libel.c:1131:6:Libel__everyn_params_100__reset	0	static
libel.c:1135:6:Libel__everyn_params_100__step	0	static
libel.c:1146:6:Libel__everyn_params_10__reset	0	static
libel.c:1150:6:Libel__everyn_params_10__step	0	static
libel.c:1161:6:Libel__everyn_params_4__reset	0	static
libel.c:1165:6:Libel__everyn_params_4__step	0	static
libel.c:1176:6:Libel__everyn_params_2__reset	0	static
libel.c:1180:6:Libel__everyn_params_2__step	0	static
libel.c:1191:6:Libel__cap_angle_step	32	static
libel.c:1221:6:Libel__velocity_controller_reset	0	static
libel.c:1230:6:Libel__velocity_controller_step	80	static
libel.c:1305:6:Libel__position_controller_reset	0	static
libel.c:1315:6:Libel__position_controller_step	160	static
libel.c:1449:6:Libel__attitudeControllerCorrectAttitudePID_reset	0	static
libel.c:1458:6:Libel__attitudeControllerCorrectAttitudePID_step	48	static
libel.c:1517:6:Libel__saturate_int16_step	16	static
libel.c:1544:6:Libel__attitudeControllerCorrectRatePID_reset	0	static
libel.c:1553:6:Libel__attitudeControllerCorrectRatePID_step	48	static
libel.c:1593:6:Libel__attitudeController_reset	8	static
libel.c:1598:6:Libel__attitudeController_step	144	static
libel.c:1636:6:Libel__controller_pid_reset	8	static
libel.c:1660:6:Libel__controller_pid_step	312	static
libel.c:1809:6:Libel__limitUint16_step	0	static
libel.c:1828:6:Libel__min_idle_step	0	static
libel.c:1839:6:Libel__power_distribution_step	40	static
libel.c:1895:6:Libel__normalize_step	48	static
libel.c:1922:6:Libel__normalize_quat_step	48	static
libel.c:1957:6:Libel__getEstimatedGyroAndMagError_step	32	static
libel.c:2004:6:Libel__apply_integral_feedback_reset	0	static
libel.c:2010:6:Libel__apply_integral_feedback_step	72	static
libel.c:2041:6:Libel__integrateQuaternion_step	72	static
libel.c:2104:6:Libel__deadband_step	24	static
libel.c:2140:6:Libel__sensfusion6_update_QImpl_reset	0	static
libel.c:2160:6:Libel__sensfusion6_update_QImpl_step	152	static
libel.c:2237:6:Libel__sensfusion6_update_Q_reset	8	static
libel.c:2243:6:Libel__sensfusion6_update_Q_step	56	static
libel.c:2312:6:Libel__sensfusion6_get_euler_rpy_step	88	static
libel.c:2380:6:Libel__position_update_velocity_step	24	static
libel.c:2396:6:Libel__positionEstimate_reset	0	static
libel.c:2400:6:Libel__positionEstimate_step	64	static
libel.c:2450:6:Libel__estimator_complementary_reset	8	static
libel.c:2472:6:Libel__estimator_complementary_step	120	static
libel.c:2566:6:Libel__combined_estimator_controller_reset	8	static
libel.c:2571:6:Libel__combined_estimator_controller_step	408	static
libel.c:2598:6:Libel__attitude_err_from_attitude_err_step	0	static
libel.c:2708:6:Libel__linearize_step	200	static
libel.c:2984:6:Libel__prediction_step_reset	0	static
libel.c:2992:6:Libel__prediction_step_step	216	static
libel.c:3527:6:Libel__kalman_core_predict_reset	0	static
libel.c:3531:6:Libel__kalman_core_predict_step	1728	static
libel.c:3568:6:Libel__predict_state_forward_reset	8	static
libel.c:3579:6:Libel__predict_state_forward_step	952	static
libel.c:3657:6:Libel__kalman_core_add_process_noise_step	1048	static
libel.c:3792:6:Libel__move_attitude_error_to_attitude_reset	0	static
libel.c:3918:6:Libel__move_attitude_error_to_attitude_step	1208	static
libel.c:4235:6:Libel__convert_attitude_to_rotation_matrix_step	16	static
libel.c:4372:6:Libel__kalman_core_finalize_reset	0	static
libel.c:4376:6:Libel__kalman_core_finalize_step	1384	static
libel.c:4432:6:Libel__kalman_supervisor_is_state_within_bounds_step	0	static
libel.c:4488:6:Libel__kalman_core_externalize_state_step	120	static
libel.c:4679:6:Libel__kalman_core_update_with_tof_step	944	static
libel.c:4758:6:Libel__kalman_core_update_with_flow_step	984	static
libel.c:4897:6:Libel__update_accumulator_step	40	static
libel.c:4924:6:Libel__update_measurement_step	1424	static
libel.c:4973:6:Libel__kalman_task_reset	8	static
libel.c:4988:6:Libel__kalman_task_step	2536	static
libel.c:5228:6:Libel__led_on_every_n_tick_reset	0	static
libel.c:5234:6:Libel__led_on_every_n_tick_step	12	static
libel.c:5302:6:Libel__led_seq_everyn_reset	0	static
libel.c:5309:6:Libel__led_seq_everyn_step	24	static
libel.c:5497:6:Libel__ledseq_task_reset	8	static
libel.c:5508:6:Libel__ledseq_task_step	56	static
